<html>
<body>
<pre>
<h1>╡Vision Build Log</h1>
<h2>Tool Versions:</h2>
IDE-Version: ╡Vision V5.23.0.0
Copyright (C) 2017 ARM Ltd and ARM Germany GmbH. All rights reserved.
License Information: 1 1, 1, LIC=GE701-CI20Y-WIA5K-ZW2FS-01QV7-8DPRC
 
Tool Versions:
Toolchain:       MDK-ARM Professional  Version: 5.23
Toolchain Path:  H:\Keil_v523\ARM\ARMCC\Bin
C Compiler:      Armcc.exe V5.06 update 4 (build 422)
Assembler:       Armasm.exe V5.06 update 4 (build 422)
Linker/Locator:  ArmLink.exe V5.06 update 4 (build 422)
Library Manager: ArmAr.exe V5.06 update 4 (build 422)
Hex Converter:   FromElf.exe V5.06 update 4 (build 422)
CPU DLL:         SARMCM3.DLL V5.23
Dialog DLL:      DCM.DLL V1.15.0.0
Target DLL:      Segger\JL2CM3.dll V2.99.23.0
Dialog DLL:      TCM.DLL V1.27.0.0
 
<h2>Project:</h2>
H:\!\746IG_my\746IG_FMC_LTDC_DMA2D_SDIO_I2C_TIMER_1_1\MDK-ARM\746IG_FMC_LTDC_DMA2d.uvprojx
Project File Date:  08/02/2017

<h2>Output:</h2>
*** Using Compiler 'V5.06 update 4 (build 422)', folder: 'H:\Keil_v523\ARM\ARMCC\Bin'
Rebuild target '746IG_FMC_LTDC_DMA2d'
assembling startup_stm32f746xx.s...
compiling stm32f7xx_hal_msp.c...
compiling stm32f7xx_it.c...
compiling main.c...
compiling gpio.c...
compiling dma.c...
compiling crc.c...
compiling fmc.c...
compiling fatfs.c...
compiling dma2d.c...
compiling ltdc.c...
compiling i2c.c...
compiling sdmmc.c...
compiling bsp_driver_sd.c...
compiling ft5336.c...
compiling rng.c...
compiling tim.c...
compiling ft5336_disco.c...
compiling stm32f7xx_hal_timebase_TIM.c...
compiling stm32746g_discovery_ts.c...
compiling usart.c...
compiling WindowDLG.c...
compiling FramewinDLG.c...
compiling stm32746g_discovery.c...
compiling stm32f7xx_hal_i2c_ex.c...
compiling stm32f7xx_hal_rcc.c...
compiling stm32f7xx_hal_tim_ex.c...
compiling stm32f7xx_hal_dsi.c...
compiling stm32f7xx_hal_flash.c...
compiling stm32f7xx_hal_cortex.c...
compiling stm32f7xx_hal_gpio.c...
compiling stm32f7xx_hal_pwr.c...
compiling stm32f7xx_hal_ltdc.c...
compiling stm32f7xx_hal_i2c.c...
compiling stm32f7xx_hal_crc.c...
compiling stm32f7xx_hal_dma.c...
compiling stm32f7xx_hal_tim.c...
compiling stm32f7xx_hal_crc_ex.c...
compiling stm32f7xx_hal.c...
compiling stm32f7xx_hal_pwr_ex.c...
compiling stm32f7xx_hal_dma_ex.c...
compiling stm32f7xx_hal_flash_ex.c...
compiling stm32f7xx_hal_rcc_ex.c...
compiling stm32f7xx_hal_sdram.c...
compiling stm32f7xx_hal_dma2d.c...
compiling stm32f7xx_hal_ltdc_ex.c...
compiling stm32f7xx_ll_fmc.c...
compiling stm32f7xx_hal_sd.c...
compiling stm32f7xx_hal_uart.c...
compiling stm32f7xx_hal_rng.c...
compiling stm32f7xx_ll_sdmmc.c...
compiling GUIConf.c...
compiling stm32746g_sdram.c...
compiling system_stm32f7xx.c...
compiling GUI_X.c...
compiling GUIDEMO_AntialiasedText.c...
compiling GUIDEMO.c...
compiling GUIDEMO_BarGraph.c...
compiling LCDConf.c...
compiling GUIDEMO_Automotive.c...
compiling GUIDEMO_ColorBar.c...
compiling GUIDEMO_Bitmap.c...
compiling GUIDEMO_Conf.c...
compiling GUIDEMO_Fading.c...
compiling GUIDEMO_Cursor.c...
compiling GUIDEMO_Graph.c...
compiling GUIDEMO_ImageFlow.c...
compiling GUIDEMO_IconView.c...
compiling GUIDEMO_Intro.c...
compiling GUIDEMO_Listview.c...
compiling GUIDEMO_RadialMenu.c...
compiling GUIDEMO_Skinning.c...
compiling GUIDEMO_Speed.c...
compiling GUIDEMO_Resource.c...
compiling GUIDEMO_Speedometer.c...
compiling GUIDEMO_Start.c...
compiling GUIDEMO_Treeview.c...
compiling GUIDEMO_TransparentDialog.c...
compiling GUIDEMO_VScreen.c...
compiling GUIDEMO_ZoomAndRotate.c...
compiling GUIDEMO_WashingMachine.c...
compiling diskio.c...
compiling sd_diskio.c...
compiling ff.c...
compiling syscall.c...
compiling ff_gen_drv.c...
linking...
Program Size: Code=69856 RO-data=27544 RW-data=820 ZI-data=188764  
After Build - User command #1: C:\keilkill.bat
H:\!\746IG_my\746IG_FMC_LTDC_DMA2D_SDIO_I2C_TIMER_1_1\MDK-ARM>REM	uncomment line for delete browser information del *.crf /s 
H:\!\746IG_my\746IG_FMC_LTDC_DMA2D_SDIO_I2C_TIMER_1_1\MDK-ARM>REM del *.crf /s 
H:\!\746IG_my\746IG_FMC_LTDC_DMA2D_SDIO_I2C_TIMER_1_1\MDK-ARM>del *.o /s 
Удален файл - H:\!\746IG_my\746IG_FMC_LTDC_DMA2D_SDIO_I2C_TIMER_1_1\MDK-ARM\746IG_FMC_LTDC_DMA2d\bsp_driver_sd.o
Удален файл - H:\!\746IG_my\746IG_FMC_LTDC_DMA2D_SDIO_I2C_TIMER_1_1\MDK-ARM\746IG_FMC_LTDC_DMA2d\crc.o
Удален файл - H:\!\746IG_my\746IG_FMC_LTDC_DMA2D_SDIO_I2C_TIMER_1_1\MDK-ARM\746IG_FMC_LTDC_DMA2d\diskio.o
Удален файл - H:\!\746IG_my\746IG_FMC_LTDC_DMA2D_SDIO_I2C_TIMER_1_1\MDK-ARM\746IG_FMC_LTDC_DMA2d\dma.o
Удален файл - H:\!\746IG_my\746IG_FMC_LTDC_DMA2D_SDIO_I2C_TIMER_1_1\MDK-ARM\746IG_FMC_LTDC_DMA2d\dma2d.o
Удален файл - H:\!\746IG_my\746IG_FMC_LTDC_DMA2D_SDIO_I2C_TIMER_1_1\MDK-ARM\746IG_FMC_LTDC_DMA2d\fatfs.o
Удален файл - H:\!\746IG_my\746IG_FMC_LTDC_DMA2D_SDIO_I2C_TIMER_1_1\MDK-ARM\746IG_FMC_LTDC_DMA2d\ff.o
Удален файл - H:\!\746IG_my\746IG_FMC_LTDC_DMA2D_SDIO_I2C_TIMER_1_1\MDK-ARM\746IG_FMC_LTDC_DMA2d\ff_gen_drv.o
Удален файл - H:\!\746IG_my\746IG_FMC_LTDC_DMA2D_SDIO_I2C_TIMER_1_1\MDK-ARM\746IG_FMC_LTDC_DMA2d\fmc.o
Удален файл - H:\!\746IG_my\746IG_FMC_LTDC_DMA2D_SDIO_I2C_TIMER_1_1\MDK-ARM\746IG_FMC_LTDC_DMA2d\framewindlg.o
Удален файл - H:\!\746IG_my\746IG_FMC_LTDC_DMA2D_SDIO_I2C_TIMER_1_1\MDK-ARM\746IG_FMC_LTDC_DMA2d\ft5336.o
Удален файл - H:\!\746IG_my\746IG_FMC_LTDC_DMA2D_SDIO_I2C_TIMER_1_1\MDK-ARM\746IG_FMC_LTDC_DMA2d\ft5336_disco.o
Удален файл - H:\!\746IG_my\746IG_FMC_LTDC_DMA2D_SDIO_I2C_TIMER_1_1\MDK-ARM\746IG_FMC_LTDC_DMA2d\gpio.o
Удален файл - H:\!\746IG_my\746IG_FMC_LTDC_DMA2D_SDIO_I2C_TIMER_1_1\MDK-ARM\746IG_FMC_LTDC_DMA2d\guiconf.o
Удален файл - H:\!\746IG_my\746IG_FMC_LTDC_DMA2D_SDIO_I2C_TIMER_1_1\MDK-ARM\746IG_FMC_LTDC_DMA2d\guidemo.o
Удален файл - H:\!\746IG_my\746IG_FMC_LTDC_DMA2D_SDIO_I2C_TIMER_1_1\MDK-ARM\746IG_FMC_LTDC_DMA2d\guidemo_antialiasedtext.o
Удален файл - H:\!\746IG_my\746IG_FMC_LTDC_DMA2D_SDIO_I2C_TIMER_1_1\MDK-ARM\746IG_FMC_LTDC_DMA2d\guidemo_automotive.o
Удален файл - H:\!\746IG_my\746IG_FMC_LTDC_DMA2D_SDIO_I2C_TIMER_1_1\MDK-ARM\746IG_FMC_LTDC_DMA2d\guidemo_bargraph.o
Удален файл - H:\!\746IG_my\746IG_FMC_LTDC_DMA2D_SDIO_I2C_TIMER_1_1\MDK-ARM\746IG_FMC_LTDC_DMA2d\guidemo_bitmap.o
Удален файл - H:\!\746IG_my\746IG_FMC_LTDC_DMA2D_SDIO_I2C_TIMER_1_1\MDK-ARM\746IG_FMC_LTDC_DMA2d\guidemo_colorbar.o
Удален файл - H:\!\746IG_my\746IG_FMC_LTDC_DMA2D_SDIO_I2C_TIMER_1_1\MDK-ARM\746IG_FMC_LTDC_DMA2d\guidemo_conf.o
Удален файл - H:\!\746IG_my\746IG_FMC_LTDC_DMA2D_SDIO_I2C_TIMER_1_1\MDK-ARM\746IG_FMC_LTDC_DMA2d\guidemo_cursor.o
Удален файл - H:\!\746IG_my\746IG_FMC_LTDC_DMA2D_SDIO_I2C_TIMER_1_1\MDK-ARM\746IG_FMC_LTDC_DMA2d\guidemo_fading.o
Удален файл - H:\!\746IG_my\746IG_FMC_LTDC_DMA2D_SDIO_I2C_TIMER_1_1\MDK-ARM\746IG_FMC_LTDC_DMA2d\guidemo_graph.o
Удален файл - H:\!\746IG_my\746IG_FMC_LTDC_DMA2D_SDIO_I2C_TIMER_1_1\MDK-ARM\746IG_FMC_LTDC_DMA2d\guidemo_iconview.o
Удален файл - H:\!\746IG_my\746IG_FMC_LTDC_DMA2D_SDIO_I2C_TIMER_1_1\MDK-ARM\746IG_FMC_LTDC_DMA2d\guidemo_imageflow.o
Удален файл - H:\!\746IG_my\746IG_FMC_LTDC_DMA2D_SDIO_I2C_TIMER_1_1\MDK-ARM\746IG_FMC_LTDC_DMA2d\guidemo_intro.o
Удален файл - H:\!\746IG_my\746IG_FMC_LTDC_DMA2D_SDIO_I2C_TIMER_1_1\MDK-ARM\746IG_FMC_LTDC_DMA2d\guidemo_listview.o
Удален файл - H:\!\746IG_my\746IG_FMC_LTDC_DMA2D_SDIO_I2C_TIMER_1_1\MDK-ARM\746IG_FMC_LTDC_DMA2d\guidemo_radialmenu.o
Удален файл - H:\!\746IG_my\746IG_FMC_LTDC_DMA2D_SDIO_I2C_TIMER_1_1\MDK-ARM\746IG_FMC_LTDC_DMA2d\guidemo_resource.o
Удален файл - H:\!\746IG_my\746IG_FMC_LTDC_DMA2D_SDIO_I2C_TIMER_1_1\MDK-ARM\746IG_FMC_LTDC_DMA2d\guidemo_skinning.o
Удален файл - H:\!\746IG_my\746IG_FMC_LTDC_DMA2D_SDIO_I2C_TIMER_1_1\MDK-ARM\746IG_FMC_LTDC_DMA2d\guidemo_speed.o
Удален файл - H:\!\746IG_my\746IG_FMC_LTDC_DMA2D_SDIO_I2C_TIMER_1_1\MDK-ARM\746IG_FMC_LTDC_DMA2d\guidemo_speedometer.o
Удален файл - H:\!\746IG_my\746IG_FMC_LTDC_DMA2D_SDIO_I2C_TIMER_1_1\MDK-ARM\746IG_FMC_LTDC_DMA2d\guidemo_start.o
Удален файл - H:\!\746IG_my\746IG_FMC_LTDC_DMA2D_SDIO_I2C_TIMER_1_1\MDK-ARM\746IG_FMC_LTDC_DMA2d\guidemo_transparentdialog.o
Удален файл - H:\!\746IG_my\746IG_FMC_LTDC_DMA2D_SDIO_I2C_TIMER_1_1\MDK-ARM\746IG_FMC_LTDC_DMA2d\guidemo_treeview.o
Удален файл - H:\!\746IG_my\746IG_FMC_LTDC_DMA2D_SDIO_I2C_TIMER_1_1\MDK-ARM\746IG_FMC_LTDC_DMA2d\guidemo_vscreen.o
Удален файл - H:\!\746IG_my\746IG_FMC_LTDC_DMA2D_SDIO_I2C_TIMER_1_1\MDK-ARM\746IG_FMC_LTDC_DMA2d\guidemo_washingmachine.o
Удален файл - H:\!\746IG_my\746IG_FMC_LTDC_DMA2D_SDIO_I2C_TIMER_1_1\MDK-ARM\746IG_FMC_LTDC_DMA2d\guidemo_zoomandrotate.o
Удален файл - H:\!\746IG_my\746IG_FMC_LTDC_DMA2D_SDIO_I2C_TIMER_1_1\MDK-ARM\746IG_FMC_LTDC_DMA2d\gui_x.o
Удален файл - H:\!\746IG_my\746IG_FMC_LTDC_DMA2D_SDIO_I2C_TIMER_1_1\MDK-ARM\746IG_FMC_LTDC_DMA2d\i2c.o
Удален файл - H:\!\746IG_my\746IG_FMC_LTDC_DMA2D_SDIO_I2C_TIMER_1_1\MDK-ARM\746IG_FMC_LTDC_DMA2d\lcdconf.o
Удален файл - H:\!\746IG_my\746IG_FMC_LTDC_DMA2D_SDIO_I2C_TIMER_1_1\MDK-ARM\746IG_FMC_LTDC_DMA2d\ltdc.o
Удален файл - H:\!\746IG_my\746IG_FMC_LTDC_DMA2D_SDIO_I2C_TIMER_1_1\MDK-ARM\746IG_FMC_LTDC_DMA2d\main.o
Удален файл - H:\!\746IG_my\746IG_FMC_LTDC_DMA2D_SDIO_I2C_TIMER_1_1\MDK-ARM\746IG_FMC_LTDC_DMA2d\rng.o
Удален файл - H:\!\746IG_my\746IG_FMC_LTDC_DMA2D_SDIO_I2C_TIMER_1_1\MDK-ARM\746IG_FMC_LTDC_DMA2d\sdmmc.o
Удален файл - H:\!\746IG_my\746IG_FMC_LTDC_DMA2D_SDIO_I2C_TIMER_1_1\MDK-ARM\746IG_FMC_LTDC_DMA2d\sd_diskio.o
Удален файл - H:\!\746IG_my\746IG_FMC_LTDC_DMA2D_SDIO_I2C_TIMER_1_1\MDK-ARM\746IG_FMC_LTDC_DMA2d\startup_stm32f746xx.o
Удален файл - H:\!\746IG_my\746IG_FMC_LTDC_DMA2D_SDIO_I2C_TIMER_1_1\MDK-ARM\746IG_FMC_LTDC_DMA2d\stm32746g_discovery.o
Удален файл - H:\!\746IG_my\746IG_FMC_LTDC_DMA2D_SDIO_I2C_TIMER_1_1\MDK-ARM\746IG_FMC_LTDC_DMA2d\stm32746g_discovery_ts.o
Удален файл - H:\!\746IG_my\746IG_FMC_LTDC_DMA2D_SDIO_I2C_TIMER_1_1\MDK-ARM\746IG_FMC_LTDC_DMA2d\stm32746g_sdram.o
Удален файл - H:\!\746IG_my\746IG_FMC_LTDC_DMA2D_SDIO_I2C_TIMER_1_1\MDK-ARM\746IG_FMC_LTDC_DMA2d\stm32f7xx_hal.o
Удален файл - H:\!\746IG_my\746IG_FMC_LTDC_DMA2D_SDIO_I2C_TIMER_1_1\MDK-ARM\746IG_FMC_LTDC_DMA2d\stm32f7xx_hal_cortex.o
Удален файл - H:\!\746IG_my\746IG_FMC_LTDC_DMA2D_SDIO_I2C_TIMER_1_1\MDK-ARM\746IG_FMC_LTDC_DMA2d\stm32f7xx_hal_crc.o
Удален файл - H:\!\746IG_my\746IG_FMC_LTDC_DMA2D_SDIO_I2C_TIMER_1_1\MDK-ARM\746IG_FMC_LTDC_DMA2d\stm32f7xx_hal_crc_ex.o
Удален файл - H:\!\746IG_my\746IG_FMC_LTDC_DMA2D_SDIO_I2C_TIMER_1_1\MDK-ARM\746IG_FMC_LTDC_DMA2d\stm32f7xx_hal_dma.o
Удален файл - H:\!\746IG_my\746IG_FMC_LTDC_DMA2D_SDIO_I2C_TIMER_1_1\MDK-ARM\746IG_FMC_LTDC_DMA2d\stm32f7xx_hal_dma2d.o
Удален файл - H:\!\746IG_my\746IG_FMC_LTDC_DMA2D_SDIO_I2C_TIMER_1_1\MDK-ARM\746IG_FMC_LTDC_DMA2d\stm32f7xx_hal_dma_ex.o
Удален файл - H:\!\746IG_my\746IG_FMC_LTDC_DMA2D_SDIO_I2C_TIMER_1_1\MDK-ARM\746IG_FMC_LTDC_DMA2d\stm32f7xx_hal_dsi.o
Удален файл - H:\!\746IG_my\746IG_FMC_LTDC_DMA2D_SDIO_I2C_TIMER_1_1\MDK-ARM\746IG_FMC_LTDC_DMA2d\stm32f7xx_hal_flash.o
Удален файл - H:\!\746IG_my\746IG_FMC_LTDC_DMA2D_SDIO_I2C_TIMER_1_1\MDK-ARM\746IG_FMC_LTDC_DMA2d\stm32f7xx_hal_flash_ex.o
Удален файл - H:\!\746IG_my\746IG_FMC_LTDC_DMA2D_SDIO_I2C_TIMER_1_1\MDK-ARM\746IG_FMC_LTDC_DMA2d\stm32f7xx_hal_gpio.o
Удален файл - H:\!\746IG_my\746IG_FMC_LTDC_DMA2D_SDIO_I2C_TIMER_1_1\MDK-ARM\746IG_FMC_LTDC_DMA2d\stm32f7xx_hal_i2c.o
Удален файл - H:\!\746IG_my\746IG_FMC_LTDC_DMA2D_SDIO_I2C_TIMER_1_1\MDK-ARM\746IG_FMC_LTDC_DMA2d\stm32f7xx_hal_i2c_ex.o
Удален файл - H:\!\746IG_my\746IG_FMC_LTDC_DMA2D_SDIO_I2C_TIMER_1_1\MDK-ARM\746IG_FMC_LTDC_DMA2d\stm32f7xx_hal_ltdc.o
Удален файл - H:\!\746IG_my\746IG_FMC_LTDC_DMA2D_SDIO_I2C_TIMER_1_1\MDK-ARM\746IG_FMC_LTDC_DMA2d\stm32f7xx_hal_ltdc_ex.o
Удален файл - H:\!\746IG_my\746IG_FMC_LTDC_DMA2D_SDIO_I2C_TIMER_1_1\MDK-ARM\746IG_FMC_LTDC_DMA2d\stm32f7xx_hal_msp.o
Удален файл - H:\!\746IG_my\746IG_FMC_LTDC_DMA2D_SDIO_I2C_TIMER_1_1\MDK-ARM\746IG_FMC_LTDC_DMA2d\stm32f7xx_hal_pwr.o
Удален файл - H:\!\746IG_my\746IG_FMC_LTDC_DMA2D_SDIO_I2C_TIMER_1_1\MDK-ARM\746IG_FMC_LTDC_DMA2d\stm32f7xx_hal_pwr_ex.o
Удален файл - H:\!\746IG_my\746IG_FMC_LTDC_DMA2D_SDIO_I2C_TIMER_1_1\MDK-ARM\746IG_FMC_LTDC_DMA2d\stm32f7xx_hal_rcc.o
Удален файл - H:\!\746IG_my\746IG_FMC_LTDC_DMA2D_SDIO_I2C_TIMER_1_1\MDK-ARM\746IG_FMC_LTDC_DMA2d\stm32f7xx_hal_rcc_ex.o
Удален файл - H:\!\746IG_my\746IG_FMC_LTDC_DMA2D_SDIO_I2C_TIMER_1_1\MDK-ARM\746IG_FMC_LTDC_DMA2d\stm32f7xx_hal_rng.o
Удален файл - H:\!\746IG_my\746IG_FMC_LTDC_DMA2D_SDIO_I2C_TIMER_1_1\MDK-ARM\746IG_FMC_LTDC_DMA2d\stm32f7xx_hal_sd.o
Удален файл - H:\!\746IG_my\746IG_FMC_LTDC_DMA2D_SDIO_I2C_TIMER_1_1\MDK-ARM\746IG_FMC_LTDC_DMA2d\stm32f7xx_hal_sdram.o
Удален файл - H:\!\746IG_my\746IG_FMC_LTDC_DMA2D_SDIO_I2C_TIMER_1_1\MDK-ARM\746IG_FMC_LTDC_DMA2d\stm32f7xx_hal_tim.o
Удален файл - H:\!\746IG_my\746IG_FMC_LTDC_DMA2D_SDIO_I2C_TIMER_1_1\MDK-ARM\746IG_FMC_LTDC_DMA2d\stm32f7xx_hal_timebase_tim.o
Удален файл - H:\!\746IG_my\746IG_FMC_LTDC_DMA2D_SDIO_I2C_TIMER_1_1\MDK-ARM\746IG_FMC_LTDC_DMA2d\stm32f7xx_hal_tim_ex.o
Удален файл - H:\!\746IG_my\746IG_FMC_LTDC_DMA2D_SDIO_I2C_TIMER_1_1\MDK-ARM\746IG_FMC_LTDC_DMA2d\stm32f7xx_hal_uart.o
Удален файл - H:\!\746IG_my\746IG_FMC_LTDC_DMA2D_SDIO_I2C_TIMER_1_1\MDK-ARM\746IG_FMC_LTDC_DMA2d\stm32f7xx_it.o
Удален файл - H:\!\746IG_my\746IG_FMC_LTDC_DMA2D_SDIO_I2C_TIMER_1_1\MDK-ARM\746IG_FMC_LTDC_DMA2d\stm32f7xx_ll_fmc.o
Удален файл - H:\!\746IG_my\746IG_FMC_LTDC_DMA2D_SDIO_I2C_TIMER_1_1\MDK-ARM\746IG_FMC_LTDC_DMA2d\stm32f7xx_ll_sdmmc.o
Удален файл - H:\!\746IG_my\746IG_FMC_LTDC_DMA2D_SDIO_I2C_TIMER_1_1\MDK-ARM\746IG_FMC_LTDC_DMA2d\syscall.o
Удален файл - H:\!\746IG_my\746IG_FMC_LTDC_DMA2D_SDIO_I2C_TIMER_1_1\MDK-ARM\746IG_FMC_LTDC_DMA2d\system_stm32f7xx.o
Удален файл - H:\!\746IG_my\746IG_FMC_LTDC_DMA2D_SDIO_I2C_TIMER_1_1\MDK-ARM\746IG_FMC_LTDC_DMA2d\tim.o
Удален файл - H:\!\746IG_my\746IG_FMC_LTDC_DMA2D_SDIO_I2C_TIMER_1_1\MDK-ARM\746IG_FMC_LTDC_DMA2d\usart.o
Удален файл - H:\!\746IG_my\746IG_FMC_LTDC_DMA2D_SDIO_I2C_TIMER_1_1\MDK-ARM\746IG_FMC_LTDC_DMA2d\windowdlg.o
H:\!\746IG_my\746IG_FMC_LTDC_DMA2D_SDIO_I2C_TIMER_1_1\MDK-ARM>del *.d /s 
Удален файл - H:\!\746IG_my\746IG_FMC_LTDC_DMA2D_SDIO_I2C_TIMER_1_1\MDK-ARM\746IG_FMC_LTDC_DMA2d\bsp_driver_sd.d
Удален файл - H:\!\746IG_my\746IG_FMC_LTDC_DMA2D_SDIO_I2C_TIMER_1_1\MDK-ARM\746IG_FMC_LTDC_DMA2d\crc.d
Удален файл - H:\!\746IG_my\746IG_FMC_LTDC_DMA2D_SDIO_I2C_TIMER_1_1\MDK-ARM\746IG_FMC_LTDC_DMA2d\diskio.d
Удален файл - H:\!\746IG_my\746IG_FMC_LTDC_DMA2D_SDIO_I2C_TIMER_1_1\MDK-ARM\746IG_FMC_LTDC_DMA2d\dma.d
Удален файл - H:\!\746IG_my\746IG_FMC_LTDC_DMA2D_SDIO_I2C_TIMER_1_1\MDK-ARM\746IG_FMC_LTDC_DMA2d\dma2d.d
Удален файл - H:\!\746IG_my\746IG_FMC_LTDC_DMA2D_SDIO_I2C_TIMER_1_1\MDK-ARM\746IG_FMC_LTDC_DMA2d\fatfs.d
Удален файл - H:\!\746IG_my\746IG_FMC_LTDC_DMA2D_SDIO_I2C_TIMER_1_1\MDK-ARM\746IG_FMC_LTDC_DMA2d\ff.d
Удален файл - H:\!\746IG_my\746IG_FMC_LTDC_DMA2D_SDIO_I2C_TIMER_1_1\MDK-ARM\746IG_FMC_LTDC_DMA2d\ff_gen_drv.d
Удален файл - H:\!\746IG_my\746IG_FMC_LTDC_DMA2D_SDIO_I2C_TIMER_1_1\MDK-ARM\746IG_FMC_LTDC_DMA2d\fmc.d
Удален файл - H:\!\746IG_my\746IG_FMC_LTDC_DMA2D_SDIO_I2C_TIMER_1_1\MDK-ARM\746IG_FMC_LTDC_DMA2d\framewindlg.d
Удален файл - H:\!\746IG_my\746IG_FMC_LTDC_DMA2D_SDIO_I2C_TIMER_1_1\MDK-ARM\746IG_FMC_LTDC_DMA2d\ft5336.d
Удален файл - H:\!\746IG_my\746IG_FMC_LTDC_DMA2D_SDIO_I2C_TIMER_1_1\MDK-ARM\746IG_FMC_LTDC_DMA2d\ft5336_disco.d
Удален файл - H:\!\746IG_my\746IG_FMC_LTDC_DMA2D_SDIO_I2C_TIMER_1_1\MDK-ARM\746IG_FMC_LTDC_DMA2d\gpio.d
Удален файл - H:\!\746IG_my\746IG_FMC_LTDC_DMA2D_SDIO_I2C_TIMER_1_1\MDK-ARM\746IG_FMC_LTDC_DMA2d\guiconf.d
Удален файл - H:\!\746IG_my\746IG_FMC_LTDC_DMA2D_SDIO_I2C_TIMER_1_1\MDK-ARM\746IG_FMC_LTDC_DMA2d\guidemo.d
Удален файл - H:\!\746IG_my\746IG_FMC_LTDC_DMA2D_SDIO_I2C_TIMER_1_1\MDK-ARM\746IG_FMC_LTDC_DMA2d\guidemo_antialiasedtext.d
Удален файл - H:\!\746IG_my\746IG_FMC_LTDC_DMA2D_SDIO_I2C_TIMER_1_1\MDK-ARM\746IG_FMC_LTDC_DMA2d\guidemo_automotive.d
Удален файл - H:\!\746IG_my\746IG_FMC_LTDC_DMA2D_SDIO_I2C_TIMER_1_1\MDK-ARM\746IG_FMC_LTDC_DMA2d\guidemo_bargraph.d
Удален файл - H:\!\746IG_my\746IG_FMC_LTDC_DMA2D_SDIO_I2C_TIMER_1_1\MDK-ARM\746IG_FMC_LTDC_DMA2d\guidemo_bitmap.d
Удален файл - H:\!\746IG_my\746IG_FMC_LTDC_DMA2D_SDIO_I2C_TIMER_1_1\MDK-ARM\746IG_FMC_LTDC_DMA2d\guidemo_colorbar.d
Удален файл - H:\!\746IG_my\746IG_FMC_LTDC_DMA2D_SDIO_I2C_TIMER_1_1\MDK-ARM\746IG_FMC_LTDC_DMA2d\guidemo_conf.d
Удален файл - H:\!\746IG_my\746IG_FMC_LTDC_DMA2D_SDIO_I2C_TIMER_1_1\MDK-ARM\746IG_FMC_LTDC_DMA2d\guidemo_cursor.d
Удален файл - H:\!\746IG_my\746IG_FMC_LTDC_DMA2D_SDIO_I2C_TIMER_1_1\MDK-ARM\746IG_FMC_LTDC_DMA2d\guidemo_fading.d
Удален файл - H:\!\746IG_my\746IG_FMC_LTDC_DMA2D_SDIO_I2C_TIMER_1_1\MDK-ARM\746IG_FMC_LTDC_DMA2d\guidemo_graph.d
Удален файл - H:\!\746IG_my\746IG_FMC_LTDC_DMA2D_SDIO_I2C_TIMER_1_1\MDK-ARM\746IG_FMC_LTDC_DMA2d\guidemo_iconview.d
Удален файл - H:\!\746IG_my\746IG_FMC_LTDC_DMA2D_SDIO_I2C_TIMER_1_1\MDK-ARM\746IG_FMC_LTDC_DMA2d\guidemo_imageflow.d
Удален файл - H:\!\746IG_my\746IG_FMC_LTDC_DMA2D_SDIO_I2C_TIMER_1_1\MDK-ARM\746IG_FMC_LTDC_DMA2d\guidemo_intro.d
Удален файл - H:\!\746IG_my\746IG_FMC_LTDC_DMA2D_SDIO_I2C_TIMER_1_1\MDK-ARM\746IG_FMC_LTDC_DMA2d\guidemo_listview.d
Удален файл - H:\!\746IG_my\746IG_FMC_LTDC_DMA2D_SDIO_I2C_TIMER_1_1\MDK-ARM\746IG_FMC_LTDC_DMA2d\guidemo_radialmenu.d
Удален файл - H:\!\746IG_my\746IG_FMC_LTDC_DMA2D_SDIO_I2C_TIMER_1_1\MDK-ARM\746IG_FMC_LTDC_DMA2d\guidemo_resource.d
Удален файл - H:\!\746IG_my\746IG_FMC_LTDC_DMA2D_SDIO_I2C_TIMER_1_1\MDK-ARM\746IG_FMC_LTDC_DMA2d\guidemo_skinning.d
Удален файл - H:\!\746IG_my\746IG_FMC_LTDC_DMA2D_SDIO_I2C_TIMER_1_1\MDK-ARM\746IG_FMC_LTDC_DMA2d\guidemo_speed.d
Удален файл - H:\!\746IG_my\746IG_FMC_LTDC_DMA2D_SDIO_I2C_TIMER_1_1\MDK-ARM\746IG_FMC_LTDC_DMA2d\guidemo_speedometer.d
Удален файл - H:\!\746IG_my\746IG_FMC_LTDC_DMA2D_SDIO_I2C_TIMER_1_1\MDK-ARM\746IG_FMC_LTDC_DMA2d\guidemo_start.d
Удален файл - H:\!\746IG_my\746IG_FMC_LTDC_DMA2D_SDIO_I2C_TIMER_1_1\MDK-ARM\746IG_FMC_LTDC_DMA2d\guidemo_transparentdialog.d
Удален файл - H:\!\746IG_my\746IG_FMC_LTDC_DMA2D_SDIO_I2C_TIMER_1_1\MDK-ARM\746IG_FMC_LTDC_DMA2d\guidemo_treeview.d
Удален файл - H:\!\746IG_my\746IG_FMC_LTDC_DMA2D_SDIO_I2C_TIMER_1_1\MDK-ARM\746IG_FMC_LTDC_DMA2d\guidemo_vscreen.d
Удален файл - H:\!\746IG_my\746IG_FMC_LTDC_DMA2D_SDIO_I2C_TIMER_1_1\MDK-ARM\746IG_FMC_LTDC_DMA2d\guidemo_washingmachine.d
Удален файл - H:\!\746IG_my\746IG_FMC_LTDC_DMA2D_SDIO_I2C_TIMER_1_1\MDK-ARM\746IG_FMC_LTDC_DMA2d\guidemo_zoomandrotate.d
Удален файл - H:\!\746IG_my\746IG_FMC_LTDC_DMA2D_SDIO_I2C_TIMER_1_1\MDK-ARM\746IG_FMC_LTDC_DMA2d\gui_x.d
Удален файл - H:\!\746IG_my\746IG_FMC_LTDC_DMA2D_SDIO_I2C_TIMER_1_1\MDK-ARM\746IG_FMC_LTDC_DMA2d\i2c.d
Удален файл - H:\!\746IG_my\746IG_FMC_LTDC_DMA2D_SDIO_I2C_TIMER_1_1\MDK-ARM\746IG_FMC_LTDC_DMA2d\lcdconf.d
Удален файл - H:\!\746IG_my\746IG_FMC_LTDC_DMA2D_SDIO_I2C_TIMER_1_1\MDK-ARM\746IG_FMC_LTDC_DMA2d\ltdc.d
Удален файл - H:\!\746IG_my\746IG_FMC_LTDC_DMA2D_SDIO_I2C_TIMER_1_1\MDK-ARM\746IG_FMC_LTDC_DMA2d\main.d
Удален файл - H:\!\746IG_my\746IG_FMC_LTDC_DMA2D_SDIO_I2C_TIMER_1_1\MDK-ARM\746IG_FMC_LTDC_DMA2d\rng.d
Удален файл - H:\!\746IG_my\746IG_FMC_LTDC_DMA2D_SDIO_I2C_TIMER_1_1\MDK-ARM\746IG_FMC_LTDC_DMA2d\sdmmc.d
Удален файл - H:\!\746IG_my\746IG_FMC_LTDC_DMA2D_SDIO_I2C_TIMER_1_1\MDK-ARM\746IG_FMC_LTDC_DMA2d\sd_diskio.d
Удален файл - H:\!\746IG_my\746IG_FMC_LTDC_DMA2D_SDIO_I2C_TIMER_1_1\MDK-ARM\746IG_FMC_LTDC_DMA2d\startup_stm32f746xx.d
Удален файл - H:\!\746IG_my\746IG_FMC_LTDC_DMA2D_SDIO_I2C_TIMER_1_1\MDK-ARM\746IG_FMC_LTDC_DMA2d\stm32746g_discovery.d
Удален файл - H:\!\746IG_my\746IG_FMC_LTDC_DMA2D_SDIO_I2C_TIMER_1_1\MDK-ARM\746IG_FMC_LTDC_DMA2d\stm32746g_discovery_ts.d
Удален файл - H:\!\746IG_my\746IG_FMC_LTDC_DMA2D_SDIO_I2C_TIMER_1_1\MDK-ARM\746IG_FMC_LTDC_DMA2d\stm32746g_sdram.d
Удален файл - H:\!\746IG_my\746IG_FMC_LTDC_DMA2D_SDIO_I2C_TIMER_1_1\MDK-ARM\746IG_FMC_LTDC_DMA2d\stm32f7xx_hal.d
Удален файл - H:\!\746IG_my\746IG_FMC_LTDC_DMA2D_SDIO_I2C_TIMER_1_1\MDK-ARM\746IG_FMC_LTDC_DMA2d\stm32f7xx_hal_cortex.d
Удален файл - H:\!\746IG_my\746IG_FMC_LTDC_DMA2D_SDIO_I2C_TIMER_1_1\MDK-ARM\746IG_FMC_LTDC_DMA2d\stm32f7xx_hal_crc.d
Удален файл - H:\!\746IG_my\746IG_FMC_LTDC_DMA2D_SDIO_I2C_TIMER_1_1\MDK-ARM\746IG_FMC_LTDC_DMA2d\stm32f7xx_hal_crc_ex.d
Удален файл - H:\!\746IG_my\746IG_FMC_LTDC_DMA2D_SDIO_I2C_TIMER_1_1\MDK-ARM\746IG_FMC_LTDC_DMA2d\stm32f7xx_hal_dma.d
Удален файл - H:\!\746IG_my\746IG_FMC_LTDC_DMA2D_SDIO_I2C_TIMER_1_1\MDK-ARM\746IG_FMC_LTDC_DMA2d\stm32f7xx_hal_dma2d.d
Удален файл - H:\!\746IG_my\746IG_FMC_LTDC_DMA2D_SDIO_I2C_TIMER_1_1\MDK-ARM\746IG_FMC_LTDC_DMA2d\stm32f7xx_hal_dma_ex.d
Удален файл - H:\!\746IG_my\746IG_FMC_LTDC_DMA2D_SDIO_I2C_TIMER_1_1\MDK-ARM\746IG_FMC_LTDC_DMA2d\stm32f7xx_hal_dsi.d
Удален файл - H:\!\746IG_my\746IG_FMC_LTDC_DMA2D_SDIO_I2C_TIMER_1_1\MDK-ARM\746IG_FMC_LTDC_DMA2d\stm32f7xx_hal_flash.d
Удален файл - H:\!\746IG_my\746IG_FMC_LTDC_DMA2D_SDIO_I2C_TIMER_1_1\MDK-ARM\746IG_FMC_LTDC_DMA2d\stm32f7xx_hal_flash_ex.d
Удален файл - H:\!\746IG_my\746IG_FMC_LTDC_DMA2D_SDIO_I2C_TIMER_1_1\MDK-ARM\746IG_FMC_LTDC_DMA2d\stm32f7xx_hal_gpio.d
Удален файл - H:\!\746IG_my\746IG_FMC_LTDC_DMA2D_SDIO_I2C_TIMER_1_1\MDK-ARM\746IG_FMC_LTDC_DMA2d\stm32f7xx_hal_i2c.d
Удален файл - H:\!\746IG_my\746IG_FMC_LTDC_DMA2D_SDIO_I2C_TIMER_1_1\MDK-ARM\746IG_FMC_LTDC_DMA2d\stm32f7xx_hal_i2c_ex.d
Удален файл - H:\!\746IG_my\746IG_FMC_LTDC_DMA2D_SDIO_I2C_TIMER_1_1\MDK-ARM\746IG_FMC_LTDC_DMA2d\stm32f7xx_hal_ltdc.d
Удален файл - H:\!\746IG_my\746IG_FMC_LTDC_DMA2D_SDIO_I2C_TIMER_1_1\MDK-ARM\746IG_FMC_LTDC_DMA2d\stm32f7xx_hal_ltdc_ex.d
Удален файл - H:\!\746IG_my\746IG_FMC_LTDC_DMA2D_SDIO_I2C_TIMER_1_1\MDK-ARM\746IG_FMC_LTDC_DMA2d\stm32f7xx_hal_msp.d
Удален файл - H:\!\746IG_my\746IG_FMC_LTDC_DMA2D_SDIO_I2C_TIMER_1_1\MDK-ARM\746IG_FMC_LTDC_DMA2d\stm32f7xx_hal_pwr.d
Удален файл - H:\!\746IG_my\746IG_FMC_LTDC_DMA2D_SDIO_I2C_TIMER_1_1\MDK-ARM\746IG_FMC_LTDC_DMA2d\stm32f7xx_hal_pwr_ex.d
Удален файл - H:\!\746IG_my\746IG_FMC_LTDC_DMA2D_SDIO_I2C_TIMER_1_1\MDK-ARM\746IG_FMC_LTDC_DMA2d\stm32f7xx_hal_rcc.d
Удален файл - H:\!\746IG_my\746IG_FMC_LTDC_DMA2D_SDIO_I2C_TIMER_1_1\MDK-ARM\746IG_FMC_LTDC_DMA2d\stm32f7xx_hal_rcc_ex.d
Удален файл - H:\!\746IG_my\746IG_FMC_LTDC_DMA2D_SDIO_I2C_TIMER_1_1\MDK-ARM\746IG_FMC_LTDC_DMA2d\stm32f7xx_hal_rng.d
Удален файл - H:\!\746IG_my\746IG_FMC_LTDC_DMA2D_SDIO_I2C_TIMER_1_1\MDK-ARM\746IG_FMC_LTDC_DMA2d\stm32f7xx_hal_sd.d
Удален файл - H:\!\746IG_my\746IG_FMC_LTDC_DMA2D_SDIO_I2C_TIMER_1_1\MDK-ARM\746IG_FMC_LTDC_DMA2d\stm32f7xx_hal_sdram.d
Удален файл - H:\!\746IG_my\746IG_FMC_LTDC_DMA2D_SDIO_I2C_TIMER_1_1\MDK-ARM\746IG_FMC_LTDC_DMA2d\stm32f7xx_hal_tim.d
Удален файл - H:\!\746IG_my\746IG_FMC_LTDC_DMA2D_SDIO_I2C_TIMER_1_1\MDK-ARM\746IG_FMC_LTDC_DMA2d\stm32f7xx_hal_timebase_tim.d
Удален файл - H:\!\746IG_my\746IG_FMC_LTDC_DMA2D_SDIO_I2C_TIMER_1_1\MDK-ARM\746IG_FMC_LTDC_DMA2d\stm32f7xx_hal_tim_ex.d
Удален файл - H:\!\746IG_my\746IG_FMC_LTDC_DMA2D_SDIO_I2C_TIMER_1_1\MDK-ARM\746IG_FMC_LTDC_DMA2d\stm32f7xx_hal_uart.d
Удален файл - H:\!\746IG_my\746IG_FMC_LTDC_DMA2D_SDIO_I2C_TIMER_1_1\MDK-ARM\746IG_FMC_LTDC_DMA2d\stm32f7xx_it.d
Удален файл - H:\!\746IG_my\746IG_FMC_LTDC_DMA2D_SDIO_I2C_TIMER_1_1\MDK-ARM\746IG_FMC_LTDC_DMA2d\stm32f7xx_ll_fmc.d
Удален файл - H:\!\746IG_my\746IG_FMC_LTDC_DMA2D_SDIO_I2C_TIMER_1_1\MDK-ARM\746IG_FMC_LTDC_DMA2d\stm32f7xx_ll_sdmmc.d
Удален файл - H:\!\746IG_my\746IG_FMC_LTDC_DMA2D_SDIO_I2C_TIMER_1_1\MDK-ARM\746IG_FMC_LTDC_DMA2d\syscall.d
Удален файл - H:\!\746IG_my\746IG_FMC_LTDC_DMA2D_SDIO_I2C_TIMER_1_1\MDK-ARM\746IG_FMC_LTDC_DMA2d\system_stm32f7xx.d
Удален файл - H:\!\746IG_my\746IG_FMC_LTDC_DMA2D_SDIO_I2C_TIMER_1_1\MDK-ARM\746IG_FMC_LTDC_DMA2d\tim.d
Удален файл - H:\!\746IG_my\746IG_FMC_LTDC_DMA2D_SDIO_I2C_TIMER_1_1\MDK-ARM\746IG_FMC_LTDC_DMA2d\usart.d
Удален файл - H:\!\746IG_my\746IG_FMC_LTDC_DMA2D_SDIO_I2C_TIMER_1_1\MDK-ARM\746IG_FMC_LTDC_DMA2d\windowdlg.d
H:\!\746IG_my\746IG_FMC_LTDC_DMA2D_SDIO_I2C_TIMER_1_1\MDK-ARM>exit
"746IG_FMC_LTDC_DMA2d\746IG_FMC_LTDC_DMA2d.axf" - 0 Error(s), 0 Warning(s).

<h2>Software Packages used:</h2>

Package Vendor: ARM
                http://www.keil.com/pack/ARM.CMSIS.5.0.1.pack
                ARM::CMSIS:CORE:5.0.1
                CMSIS (Cortex Microcontroller Software Interface Standard)
   * Component: CORE Version: 5.0.1

<h2>Collection of Component include folders:</h2>
  .\RTE\_746IG_FMC_LTDC_DMA2d
  H:\Keil_v523\ARM\PACK\ARM\CMSIS\5.0.1\CMSIS\Include
  H:\Keil_v523\ARM\PACK\Keil\STM32F7xx_DFP\2.9.0\Drivers\CMSIS\Device\ST\STM32F7xx\Include

<h2>Collection of Component Files used:</h2>

   * Component: ARM::CMSIS:CORE:5.0.1
Build Time Elapsed:  00:01:08
</pre>
</body>
</html>
